


ARM Macro Assembler    Page 1 


    1 00000000         ;****************** main.s ***************
    2 00000000         ; Program written by: Anaya Scott and Victoria Dehoyos
    3 00000000         ; Date Created: 2/3/26
    4 00000000         ; Last Modified: 
    5 00000000         ; Brief description of the program: 
    6 00000000         ; 
    7 00000000         
    8 00000000         
    9 00000000         
   10 00000000                 THUMB
   11 00000000         
   12 00000000 00000003 
                       AStudent1
                               EQU              3
   13 00000000 00000002 
                       AStudent2
                               EQU              2
   14 00000000 00000001 
                       AStudent3
                               EQU              1
   15 00000000 00000001 
                       AStudent4
                               EQU              1
   16 00000000 00000003 
                       AStudent5
                               EQU              3
   17 00000000         
   18 00000000 00000005 
                       BStudent1
                               EQU              5
   19 00000000 00000001 
                       BStudent2
                               EQU              1
   20 00000000 00000004 
                       BStudent3
                               EQU              4
   21 00000000 00000003 
                       BStudent4
                               EQU              3
   22 00000000 00000002 
                       BStudent5
                               EQU              2
   23 00000000         
   24 00000000 00000007 
                       CStudent1
                               EQU              7
   25 00000000 00000004 
                       CStudent2
                               EQU              4
   26 00000000 00000005 
                       CStudent3
                               EQU              5
   27 00000000 00000003 
                       CStudent4
                               EQU              3
   28 00000000 00000006 
                       CStudent5
                               EQU              6
   29 00000000         



ARM Macro Assembler    Page 2 


   30 00000000 00000005 
                       GroupN  EQU              5
   31 00000000         
   32 00000000         
   33 00000000         ; ******************************************************
                       ***************
   34 00000000         ; *************************** CODE AREA IN ROM *********
                       ***************
   35 00000000         ; ******************************************************
                       ***************
   36 00000000         ; ROM addresses start at address 0x0000.0000, but your c
                       ode starts a little after that
   37 00000000                 AREA             |.text|, CODE, READONLY, ALIGN=
2 
                                                            ; Flash EEPROM
   38 00000000         
   39 00000000         
   40 00000000         
   41 00000000         
   42 00000000                 EXPORT           Start
   43 00000000         
   44 00000000         ; * Program begins here!
   45 00000000         Start
   46 00000000         
   47 00000000         ; ********************************* TASK 1 *************
                       ********************
   48 00000000         ; ******************************************************
                       *********************
   49 00000000         ; Means
   50 00000000         ; R12 - MEANS FOR GROUP A, R11 = MEANS FOR GROUP B, R10 
                       = MEANS FOR GROUP C
   51 00000000         ; R9 = GRAND MEAN <- THIS IS THE AVERAGE MEAN FOR ALL OF
                        THE GROUPS.
   52 00000000         
   53 00000000         ; GROUP A  
   54 00000000         ;Load the resistors values for group A
   55 00000000 F04F 0003       MOV              R0, #AStudent1
   56 00000004 F04F 0102       MOV              R1, #AStudent2
   57 00000008 F04F 0201       MOV              R2, #AStudent3
   58 0000000C F04F 0301       MOV              R3, #AStudent4
   59 00000010 F04F 0403       MOV              R4, #AStudent5
   60 00000014         
   61 00000014         ; Summ of Group A
   62 00000014 EB00 0501       ADD              R5, R0,R1
   63 00000018 4415            ADD              R5, R5,R2
   64 0000001A 441D            ADD              R5, R5,R3
   65 0000001C 4425            ADD              R5, R5,R4
   66 0000001E         
   67 0000001E         ; THIS WILL GATHER THE NUMBER OF GROUPS
   68 0000001E F04F 0605       MOV              R6,#GroupN
   69 00000022 FB95 FCF6       SDIV             R12,R5,R6   ; THIS LINE WILL GI
                                                            VE US THE MEAN OF G
                                                            ROUP A
   70 00000026         ;-------------------------------------------------------
                       -----
   71 00000026         ; GROUP B  
   72 00000026         ;Load the resistors values for group B
   73 00000026 F04F 0005       MOV              R0, #BStudent1
   74 0000002A F04F 0101       MOV              R1, #BStudent2



ARM Macro Assembler    Page 3 


   75 0000002E F04F 0204       MOV              R2, #BStudent3
   76 00000032 F04F 0303       MOV              R3, #BStudent4
   77 00000036 F04F 0402       MOV              R4, #BStudent5
   78 0000003A         
   79 0000003A         ; Summ of Group B
   80 0000003A EB00 0501       ADD              R5, R0,R1
   81 0000003E 4415            ADD              R5, R5,R2
   82 00000040 441D            ADD              R5, R5,R3
   83 00000042 4425            ADD              R5, R5,R4
   84 00000044         
   85 00000044         
   86 00000044 FB95 FBF6       SDIV             R11,R5,R6   ; THIS LINE WILL GI
                                                            VE US THE MEAN OF G
                                                            ROUP B
   87 00000048         ;-------------------------------------------------------
                       -----
   88 00000048         ; GROUP C  
   89 00000048         ;Load the resistors values for group C
   90 00000048 F04F 0007       MOV              R0, #CStudent1
   91 0000004C F04F 0104       MOV              R1, #CStudent2
   92 00000050 F04F 0205       MOV              R2, #CStudent3
   93 00000054 F04F 0303       MOV              R3, #CStudent4
   94 00000058 F04F 0406       MOV              R4, #CStudent5
   95 0000005C         
   96 0000005C         ; Summ of Group C
   97 0000005C EB00 0501       ADD              R5, R0,R1
   98 00000060 4415            ADD              R5, R5,R2
   99 00000062 441D            ADD              R5, R5,R3
  100 00000064 4425            ADD              R5, R5,R4
  101 00000066         
  102 00000066         
  103 00000066 FB95 FAF6       SDIV             R10,R5,R6   ; THIS LINE WILL GI
                                                            VE US THE MEAN OF G
                                                            ROUP B
  104 0000006A         ;-------------------------------------------------------
                       
  105 0000006A         ; THE GRAND MEAN
  106 0000006A EB0C 000B       ADD              R0, R12,R11
  107 0000006E 4450            ADD              R0, R0,R10
  108 00000070 F04F 0103       MOV              R1, #3      ; THIS WILL ALLOW U
                                                            S TO DIVIDE BY 3 GR
                                                            OUPS
  109 00000074 FB90 F9F1       SDIV             R9,R0,R1    ; GRAND MEAN IS IN 
                                                            R9
  110 00000078         
  111 00000078         
  112 00000078         
  113 00000078         
  114 00000078         ; ********************************* TASK 2 *************
                       ********************
  115 00000078         ; ******************************************************
                       ********************
  116 00000078         ; Sum of Squared Errors (SS) by Group
  117 00000078         ; WE  NEED TO FIND THE SUM OF SQUARED ERRORS BY GROUPS
  118 00000078         ;R8 IS FOR GROUP A
  119 00000078         ;R7 IS FOR GROUP B
  120 00000078         ;R6 IS FOR GROUP C
  121 00000078         ;------------------------------------------------
  122 00000078         ;GROUP A



ARM Macro Assembler    Page 4 


  123 00000078 F04F 0800       MOV              R8, #0
  124 0000007C         ; UNDERSTAND THAT WE NEED TO CALCULATE (ASTUDENT1 - MEAN
                       _A)^2
  125 0000007C F04F 0003       MOV              R0, AStudent1
  126 00000080 EBA0 010C       SUB              R1,R0,R12   ; THIS IS X-MEAN
  127 00000084 FB01 F101       MUL              R1,R1,R1    ; THIS MAKE (X-MEAN
                                                            )^2
  128 00000088 4488            ADD              R8,R8,R1
  129 0000008A         ; CONTINUE DOING THIS FOR ALL OF THE STUDENTS IN GORUP A
                       ,B,C
  130 0000008A         ;STUDENT 2
  131 0000008A F04F 0002       MOV              R0, AStudent2
  132 0000008E EBA0 010C       SUB              R1,R0,R12   ; THIS IS X-MEAN
  133 00000092 FB01 F101       MUL              R1,R1,R1    ; THIS MAKE (X-MEAN
                                                            )^2
  134 00000096 4488            ADD              R8,R8,R1
  135 00000098         ;STUDENT 3
  136 00000098 F04F 0001       MOV              R0, AStudent3
  137 0000009C EBA0 010C       SUB              R1,R0,R12   ; THIS IS X-MEAN
  138 000000A0 FB01 F101       MUL              R1,R1,R1    ; THIS MAKE (X-MEAN
                                                            )^2
  139 000000A4 4488            ADD              R8,R8,R1
  140 000000A6         ;STUDENT 4
  141 000000A6 F04F 0001       MOV              R0, AStudent4
  142 000000AA EBA0 010C       SUB              R1,R0,R12   ; THIS IS X-MEAN
  143 000000AE FB01 F101       MUL              R1,R1,R1    ; THIS MAKE (X-MEAN
                                                            )^2
  144 000000B2 4488            ADD              R8,R8,R1
  145 000000B4         ;STUDENT 5
  146 000000B4 F04F 0003       MOV              R0, AStudent5
  147 000000B8 EBA0 010C       SUB              R1,R0,R12   ; THIS IS X-MEAN
  148 000000BC FB01 F101       MUL              R1,R1,R1    ; THIS MAKE (X-MEAN
                                                            )^2
  149 000000C0 4488            ADD              R8,R8,R1    ; NOW R8 SHOULD HAV
                                                            E ALL OF THE SSE FO
                                                            R GROUP A.
  150 000000C2         ;------------------------------------------
  151 000000C2         ;GROUP B
  152 000000C2 F04F 0700       MOV              R7,#0
  153 000000C6         ;STUDENT 1
  154 000000C6 F04F 0005       MOV              R0, BStudent1
  155 000000CA EBA0 010B       SUB              R1,R0,R11   ; THIS IS X-MEAN
  156 000000CE FB01 F101       MUL              R1,R1,R1    ; THIS MAKE (X-MEAN
                                                            )^2
  157 000000D2 440F            ADD              R7,R7,R1
  158 000000D4         ;STUDENT 2
  159 000000D4 F04F 0001       MOV              R0, BStudent2
  160 000000D8 EBA0 010B       SUB              R1,R0,R11   ; THIS IS X-MEAN
  161 000000DC FB01 F101       MUL              R1,R1,R1    ; THIS MAKE (X-MEAN
                                                            )^2
  162 000000E0 440F            ADD              R7,R7,R1
  163 000000E2         ;STUDENT 3
  164 000000E2 F04F 0004       MOV              R0, BStudent3
  165 000000E6 EBA0 010B       SUB              R1,R0,R11   ; THIS IS X-MEAN
  166 000000EA FB01 F101       MUL              R1,R1,R1    ; THIS MAKE (X-MEAN
                                                            )^2
  167 000000EE 440F            ADD              R7,R7,R1
  168 000000F0         ;STUDENT 4
  169 000000F0 F04F 0003       MOV              R0, BStudent4



ARM Macro Assembler    Page 5 


  170 000000F4 EBA0 010B       SUB              R1,R0,R11   ; THIS IS X-MEAN
  171 000000F8 FB01 F101       MUL              R1,R1,R1    ; THIS MAKE (X-MEAN
                                                            )^2
  172 000000FC 440F            ADD              R7,R7,R1
  173 000000FE         ;STUDENT 5
  174 000000FE F04F 0002       MOV              R0, BStudent5
  175 00000102 EBA0 010B       SUB              R1,R0,R11   ; THIS IS X-MEAN
  176 00000106 FB01 F101       MUL              R1,R1,R1    ; THIS MAKE (X-MEAN
                                                            )^2
  177 0000010A 440F            ADD              R7,R7,R1
  178 0000010C         ;-----------------------------------------------
  179 0000010C         ;GROUP C
  180 0000010C F04F 0600       MOV              R6,#0
  181 00000110         ;STUDENT 1
  182 00000110 F04F 0007       MOV              R0, CStudent1
  183 00000114 EBA0 010A       SUB              R1,R0,R10   ; THIS IS X-MEAN
  184 00000118 FB01 F101       MUL              R1,R1,R1    ; THIS MAKE (X-MEAN
                                                            )^2
  185 0000011C 440E            ADD              R6,R6,R1
  186 0000011E         ;STUDENT 2
  187 0000011E F04F 0004       MOV              R0, CStudent2
  188 00000122 EBA0 010A       SUB              R1,R0,R10   ; THIS IS X-MEAN
  189 00000126 FB01 F101       MUL              R1,R1,R1    ; THIS MAKE (X-MEAN
                                                            )^2
  190 0000012A 440E            ADD              R6,R6,R1
  191 0000012C         ;STUDENT 3
  192 0000012C F04F 0005       MOV              R0, CStudent3
  193 00000130 EBA0 010A       SUB              R1,R0,R10   ; THIS IS X-MEAN
  194 00000134 FB01 F101       MUL              R1,R1,R1    ; THIS MAKE (X-MEAN
                                                            )^2
  195 00000138 440E            ADD              R6,R6,R1
  196 0000013A         ;STUDENT 4
  197 0000013A F04F 0003       MOV              R0, CStudent4
  198 0000013E EBA0 010A       SUB              R1,R0,R10   ; THIS IS X-MEAN
  199 00000142 FB01 F101       MUL              R1,R1,R1    ; THIS MAKE (X-MEAN
                                                            )^2
  200 00000146 440E            ADD              R6,R6,R1
  201 00000148         ;STUDENT 5
  202 00000148 F04F 0006       MOV              R0, CStudent5
  203 0000014C EBA0 010A       SUB              R1,R0,R10   ; THIS IS X-MEAN
  204 00000150 FB01 F101       MUL              R1,R1,R1    ; THIS MAKE (X-MEAN
                                                            )^2
  205 00000154 440E            ADD              R6,R6,R1
  206 00000156         
  207 00000156         ; NEED TO DOUBLE CHECK TASK 2 !!!!!!!!!!
  208 00000156         
  209 00000156         
  210 00000156         
  211 00000156         
  212 00000156         ; ********************************* TASK 3 *************
                       ********************
  213 00000156         ; ******************************************************
                       ********************
  214 00000156         ; SSR -> Regression Sum of Squares
  215 00000156         
  216 00000156         
  217 00000156         
  218 00000156         
  219 00000156         



ARM Macro Assembler    Page 6 


  220 00000156         
  221 00000156         
  222 00000156         ; ********************************* TASK 4 *************
                       ********************
  223 00000156         ; ******************************************************
                       ********************
  224 00000156         ; SSE -> error sum of squares total
  225 00000156         ; SSE (R4) = SS1 (R8) + SS2 (R7) + SS3 (R6)
  226 00000156         
  227 00000156         
  228 00000156         
  229 00000156         
  230 00000156         
  231 00000156         
  232 00000156         
  233 00000156         
  234 00000156         
  235 00000156 BF00            NOP
  236 00000158         
  237 00000158                 ALIGN                        ; make sure the end
                                                             of this section is
                                                             aligned
  238 00000158                 END                          ; end of file
Command Line: --debug --xref --diag_suppress=9931,A1950W --cpu=Cortex-M4 --fpu=
SoftVFP --depend=.\main.d -o.\main.o -I.\RTE\_Lab1 -IC:\Users\ladyb\AppData\Loc
al\Arm\Packs\ARM\CMSIS\6.3.0\CMSIS\Core\Include -IC:\Users\ladyb\AppData\Local\
Arm\Packs\Keil\TM4C_DFP\1.1.0\Device\Include\TM4C123 --predefine="__EVAL SETA 1
" --predefine="__UVISION_VERSION SETA 539" --predefine="_RTE_ SETA 1" --predefi
ne="TM4C123GH6PM SETA 1" --predefine="_RTE_ SETA 1" --list=.\main.lst main.s



ARM Macro Assembler    Page 1 Alphabetic symbol ordering
Relocatable symbols

.text 00000000

Symbol: .text
   Definitions
      At line 37 in file main.s
   Uses
      None
Comment: .text unused
Start 00000000

Symbol: Start
   Definitions
      At line 45 in file main.s
   Uses
      At line 42 in file main.s
Comment: Start used once
2 symbols



ARM Macro Assembler    Page 1 Alphabetic symbol ordering
Absolute symbols

AStudent1 00000003

Symbol: AStudent1
   Definitions
      At line 12 in file main.s
   Uses
      At line 55 in file main.s
      At line 125 in file main.s

AStudent2 00000002

Symbol: AStudent2
   Definitions
      At line 13 in file main.s
   Uses
      At line 56 in file main.s
      At line 131 in file main.s

AStudent3 00000001

Symbol: AStudent3
   Definitions
      At line 14 in file main.s
   Uses
      At line 57 in file main.s
      At line 136 in file main.s

AStudent4 00000001

Symbol: AStudent4
   Definitions
      At line 15 in file main.s
   Uses
      At line 58 in file main.s
      At line 141 in file main.s

AStudent5 00000003

Symbol: AStudent5
   Definitions
      At line 16 in file main.s
   Uses
      At line 59 in file main.s
      At line 146 in file main.s

BStudent1 00000005

Symbol: BStudent1
   Definitions
      At line 18 in file main.s
   Uses
      At line 73 in file main.s
      At line 154 in file main.s

BStudent2 00000001

Symbol: BStudent2
   Definitions
      At line 19 in file main.s



ARM Macro Assembler    Page 2 Alphabetic symbol ordering
Absolute symbols

   Uses
      At line 74 in file main.s
      At line 159 in file main.s

BStudent3 00000004

Symbol: BStudent3
   Definitions
      At line 20 in file main.s
   Uses
      At line 75 in file main.s
      At line 164 in file main.s

BStudent4 00000003

Symbol: BStudent4
   Definitions
      At line 21 in file main.s
   Uses
      At line 76 in file main.s
      At line 169 in file main.s

BStudent5 00000002

Symbol: BStudent5
   Definitions
      At line 22 in file main.s
   Uses
      At line 77 in file main.s
      At line 174 in file main.s

CStudent1 00000007

Symbol: CStudent1
   Definitions
      At line 24 in file main.s
   Uses
      At line 90 in file main.s
      At line 182 in file main.s

CStudent2 00000004

Symbol: CStudent2
   Definitions
      At line 25 in file main.s
   Uses
      At line 91 in file main.s
      At line 187 in file main.s

CStudent3 00000005

Symbol: CStudent3
   Definitions
      At line 26 in file main.s
   Uses
      At line 92 in file main.s
      At line 192 in file main.s

CStudent4 00000003



ARM Macro Assembler    Page 3 Alphabetic symbol ordering
Absolute symbols


Symbol: CStudent4
   Definitions
      At line 27 in file main.s
   Uses
      At line 93 in file main.s
      At line 197 in file main.s

CStudent5 00000006

Symbol: CStudent5
   Definitions
      At line 28 in file main.s
   Uses
      At line 94 in file main.s
      At line 202 in file main.s

GroupN 00000005

Symbol: GroupN
   Definitions
      At line 30 in file main.s
   Uses
      At line 68 in file main.s
Comment: GroupN used once
16 symbols
352 symbols in table
